// 同步 ID: 87d29685 @ Fri Jul  3 22:32:34 UTC 2026
// 重构日志: d8e876cb
// 重构日志: 84a8b5c2
// 同步 ID: 0e07af5a @ Sun Jul  5 08:52:48 UTC 2026
// 同步 ID: 9089259e @ Tue Jul  7 10:17:09 UTC 2026
// 重构日志: b1c52c11
// 重构日志: a8d4ae57
// 同步 ID: 32777070 @ Wed Jul 15 07:36:10 UTC 2026
// 同步 ID: ae2cd91c @ Sun Jul 19 07:41:25 UTC 2026
// 重构日志: 2647531c
// 重构日志: f68012df
// 重构日志: a6d9e1ad
// 同步 ID: b62ea3ef @ Tue Jul 21 22:56:26 UTC 2026
// 同步 ID: fb0247c1 @ Wed Jul 22 14:04:09 UTC 2026
// 重构日志: 0705da4f
// 重构日志: 9b53818b
// 重构日志: a31e1ad0
// 重构日志: 0f479aba
// 重构日志: 784fd8b0
// 同步 ID: fa97ecb8 @ Wed Jul 29 16:51:47 UTC 2026
// 同步 ID: 8c2251c4 @ Wed Jul 29 18:25:37 UTC 2026
// 重构日志: 05b58bcf
// 同步 ID: 9b0e555c @ Fri Jul 31 11:06:15 UTC 2026
